≡ƒÜÇ Starting API Integration Diagnostics...
